2026-07-09 14:55:48,276 INFO __main__ - Stage 1A: shard 0/1 selected 8 of 8 passages
Stage 1A:   0%|          | 0/8 [00:00<?, ?it/s]2026-07-09 14:55:54,835 INFO httpx - HTTP Request: POST https://inference-api.nvidia.com/v1/chat/completions "HTTP/1.1 200 OK"
2026-07-09 14:55:56,364 INFO httpx - HTTP Request: POST https://inference-api.nvidia.com/v1/chat/completions "HTTP/1.1 200 OK"
2026-07-09 14:55:58,531 INFO httpx - HTTP Request: POST https://inference-api.nvidia.com/v1/chat/completions "HTTP/1.1 200 OK"
2026-07-09 14:56:00,172 INFO httpx - HTTP Request: POST https://inference-api.nvidia.com/v1/chat/completions "HTTP/1.1 200 OK"
2026-07-09 14:56:04,022 INFO httpx - HTTP Request: POST https://inference-api.nvidia.com/v1/chat/completions "HTTP/1.1 200 OK"
2026-07-09 14:56:05,378 INFO httpx - HTTP Request: POST https://inference-api.nvidia.com/v1/chat/completions "HTTP/1.1 200 OK"
2026-07-09 14:56:07,184 INFO httpx - HTTP Request: POST https://inference-api.nvidia.com/v1/chat/completions "HTTP/1.1 200 OK"
2026-07-09 14:56:08,801 INFO httpx - HTTP Request: POST https://inference-api.nvidia.com/v1/chat/completions "HTTP/1.1 200 OK"
2026-07-09 14:56:10,418 INFO httpx - HTTP Request: POST https://inference-api.nvidia.com/v1/chat/completions "HTTP/1.1 200 OK"
2026-07-09 14:56:13,418 INFO httpx - HTTP Request: POST https://inference-api.nvidia.com/v1/chat/completions "HTTP/1.1 200 OK"
2026-07-09 14:56:18,155 INFO httpx - HTTP Request: POST https://inference-api.nvidia.com/v1/chat/completions "HTTP/1.1 200 OK"
Stage 1A:  12%|█▎        | 1/8 [00:29<03:28, 29.82s/it]2026-07-09 14:56:25,808 INFO httpx - HTTP Request: POST https://inference-api.nvidia.com/v1/chat/completions "HTTP/1.1 200 OK"
Stage 1A:  25%|██▌       | 2/8 [00:37<01:40, 16.78s/it]2026-07-09 14:56:38,664 INFO httpx - HTTP Request: POST https://inference-api.nvidia.com/v1/chat/completions "HTTP/1.1 200 OK"
Stage 1A:  38%|███▊      | 3/8 [00:50<01:14, 14.99s/it]2026-07-09 14:56:49,180 INFO httpx - HTTP Request: POST https://inference-api.nvidia.com/v1/chat/completions "HTTP/1.1 200 OK"
2026-07-09 14:56:50,326 INFO httpx - HTTP Request: POST https://inference-api.nvidia.com/v1/chat/completions "HTTP/1.1 200 OK"
2026-07-09 14:56:51,577 INFO httpx - HTTP Request: POST https://inference-api.nvidia.com/v1/chat/completions "HTTP/1.1 200 OK"
2026-07-09 14:56:53,503 INFO httpx - HTTP Request: POST https://inference-api.nvidia.com/v1/chat/completions "HTTP/1.1 200 OK"
2026-07-09 14:56:55,175 INFO httpx - HTTP Request: POST https://inference-api.nvidia.com/v1/chat/completions "HTTP/1.1 200 OK"
2026-07-09 14:56:56,472 INFO httpx - HTTP Request: POST https://inference-api.nvidia.com/v1/chat/completions "HTTP/1.1 200 OK"
2026-07-09 14:56:57,605 INFO httpx - HTTP Request: POST https://inference-api.nvidia.com/v1/chat/completions "HTTP/1.1 200 OK"
2026-07-09 14:56:58,919 INFO httpx - HTTP Request: POST https://inference-api.nvidia.com/v1/chat/completions "HTTP/1.1 200 OK"
2026-07-09 14:57:03,052 INFO httpx - HTTP Request: POST https://inference-api.nvidia.com/v1/chat/completions "HTTP/1.1 200 OK"
2026-07-09 14:57:04,641 INFO httpx - HTTP Request: POST https://inference-api.nvidia.com/v1/chat/completions "HTTP/1.1 200 OK"
2026-07-09 14:57:07,694 INFO httpx - HTTP Request: POST https://inference-api.nvidia.com/v1/chat/completions "HTTP/1.1 200 OK"
2026-07-09 14:57:08,999 INFO httpx - HTTP Request: POST https://inference-api.nvidia.com/v1/chat/completions "HTTP/1.1 200 OK"
2026-07-09 14:57:10,859 INFO httpx - HTTP Request: POST https://inference-api.nvidia.com/v1/chat/completions "HTTP/1.1 200 OK"
2026-07-09 14:57:12,317 INFO httpx - HTTP Request: POST https://inference-api.nvidia.com/v1/chat/completions "HTTP/1.1 200 OK"
2026-07-09 14:57:13,745 INFO httpx - HTTP Request: POST https://inference-api.nvidia.com/v1/chat/completions "HTTP/1.1 200 OK"
2026-07-09 14:57:14,807 INFO httpx - HTTP Request: POST https://inference-api.nvidia.com/v1/chat/completions "HTTP/1.1 200 OK"
2026-07-09 14:57:16,324 INFO httpx - HTTP Request: POST https://inference-api.nvidia.com/v1/chat/completions "HTTP/1.1 200 OK"
2026-07-09 14:57:17,636 INFO httpx - HTTP Request: POST https://inference-api.nvidia.com/v1/chat/completions "HTTP/1.1 200 OK"
2026-07-09 14:57:19,126 INFO httpx - HTTP Request: POST https://inference-api.nvidia.com/v1/chat/completions "HTTP/1.1 200 OK"
2026-07-09 14:57:20,290 INFO httpx - HTTP Request: POST https://inference-api.nvidia.com/v1/chat/completions "HTTP/1.1 200 OK"
2026-07-09 14:57:22,139 INFO httpx - HTTP Request: POST https://inference-api.nvidia.com/v1/chat/completions "HTTP/1.1 200 OK"
2026-07-09 14:57:23,677 INFO httpx - HTTP Request: POST https://inference-api.nvidia.com/v1/chat/completions "HTTP/1.1 200 OK"
2026-07-09 14:57:27,079 INFO httpx - HTTP Request: POST https://inference-api.nvidia.com/v1/chat/completions "HTTP/1.1 200 OK"
2026-07-09 14:57:28,544 INFO httpx - HTTP Request: POST https://inference-api.nvidia.com/v1/chat/completions "HTTP/1.1 200 OK"
2026-07-09 14:57:29,999 INFO httpx - HTTP Request: POST https://inference-api.nvidia.com/v1/chat/completions "HTTP/1.1 200 OK"
2026-07-09 14:57:31,297 INFO httpx - HTTP Request: POST https://inference-api.nvidia.com/v1/chat/completions "HTTP/1.1 200 OK"
2026-07-09 14:57:34,366 INFO httpx - HTTP Request: POST https://inference-api.nvidia.com/v1/chat/completions "HTTP/1.1 200 OK"
2026-07-09 14:57:35,464 INFO httpx - HTTP Request: POST https://inference-api.nvidia.com/v1/chat/completions "HTTP/1.1 200 OK"
2026-07-09 14:57:39,141 INFO httpx - HTTP Request: POST https://inference-api.nvidia.com/v1/chat/completions "HTTP/1.1 200 OK"
2026-07-09 14:57:40,712 INFO httpx - HTTP Request: POST https://inference-api.nvidia.com/v1/chat/completions "HTTP/1.1 200 OK"
2026-07-09 14:57:42,207 INFO httpx - HTTP Request: POST https://inference-api.nvidia.com/v1/chat/completions "HTTP/1.1 200 OK"
Stage 1A:  50%|█████     | 4/8 [01:53<02:16, 34.16s/it]2026-07-09 14:57:49,587 INFO httpx - HTTP Request: POST https://inference-api.nvidia.com/v1/chat/completions "HTTP/1.1 200 OK"
2026-07-09 14:57:50,928 INFO httpx - HTTP Request: POST https://inference-api.nvidia.com/v1/chat/completions "HTTP/1.1 200 OK"
2026-07-09 14:57:52,561 INFO httpx - HTTP Request: POST https://inference-api.nvidia.com/v1/chat/completions "HTTP/1.1 200 OK"
2026-07-09 14:57:53,962 INFO httpx - HTTP Request: POST https://inference-api.nvidia.com/v1/chat/completions "HTTP/1.1 200 OK"
2026-07-09 14:57:55,336 INFO httpx - HTTP Request: POST https://inference-api.nvidia.com/v1/chat/completions "HTTP/1.1 200 OK"
2026-07-09 14:57:56,774 INFO httpx - HTTP Request: POST https://inference-api.nvidia.com/v1/chat/completions "HTTP/1.1 200 OK"
2026-07-09 14:57:58,293 INFO httpx - HTTP Request: POST https://inference-api.nvidia.com/v1/chat/completions "HTTP/1.1 200 OK"
2026-07-09 14:57:59,944 INFO httpx - HTTP Request: POST https://inference-api.nvidia.com/v1/chat/completions "HTTP/1.1 200 OK"
2026-07-09 14:58:01,522 INFO httpx - HTTP Request: POST https://inference-api.nvidia.com/v1/chat/completions "HTTP/1.1 200 OK"
2026-07-09 14:58:02,819 INFO httpx - HTTP Request: POST https://inference-api.nvidia.com/v1/chat/completions "HTTP/1.1 200 OK"
2026-07-09 14:58:04,530 INFO httpx - HTTP Request: POST https://inference-api.nvidia.com/v1/chat/completions "HTTP/1.1 200 OK"
2026-07-09 14:58:06,196 INFO httpx - HTTP Request: POST https://inference-api.nvidia.com/v1/chat/completions "HTTP/1.1 200 OK"
2026-07-09 14:58:09,049 INFO httpx - HTTP Request: POST https://inference-api.nvidia.com/v1/chat/completions "HTTP/1.1 200 OK"
2026-07-09 14:58:10,897 INFO httpx - HTTP Request: POST https://inference-api.nvidia.com/v1/chat/completions "HTTP/1.1 200 OK"
2026-07-09 14:58:12,662 INFO httpx - HTTP Request: POST https://inference-api.nvidia.com/v1/chat/completions "HTTP/1.1 200 OK"
2026-07-09 14:58:14,718 INFO httpx - HTTP Request: POST https://inference-api.nvidia.com/v1/chat/completions "HTTP/1.1 200 OK"
2026-07-09 14:58:16,564 INFO httpx - HTTP Request: POST https://inference-api.nvidia.com/v1/chat/completions "HTTP/1.1 200 OK"
2026-07-09 14:58:18,336 INFO httpx - HTTP Request: POST https://inference-api.nvidia.com/v1/chat/completions "HTTP/1.1 200 OK"
2026-07-09 14:58:19,865 INFO httpx - HTTP Request: POST https://inference-api.nvidia.com/v1/chat/completions "HTTP/1.1 200 OK"
2026-07-09 14:58:24,315 INFO httpx - HTTP Request: POST https://inference-api.nvidia.com/v1/chat/completions "HTTP/1.1 200 OK"
2026-07-09 14:58:25,914 INFO httpx - HTTP Request: POST https://inference-api.nvidia.com/v1/chat/completions "HTTP/1.1 200 OK"
2026-07-09 14:58:27,302 INFO httpx - HTTP Request: POST https://inference-api.nvidia.com/v1/chat/completions "HTTP/1.1 200 OK"
2026-07-09 14:58:28,999 INFO httpx - HTTP Request: POST https://inference-api.nvidia.com/v1/chat/completions "HTTP/1.1 200 OK"
2026-07-09 14:58:30,460 INFO httpx - HTTP Request: POST https://inference-api.nvidia.com/v1/chat/completions "HTTP/1.1 200 OK"
2026-07-09 14:58:31,748 INFO httpx - HTTP Request: POST https://inference-api.nvidia.com/v1/chat/completions "HTTP/1.1 200 OK"
2026-07-09 14:58:33,274 INFO httpx - HTTP Request: POST https://inference-api.nvidia.com/v1/chat/completions "HTTP/1.1 200 OK"
2026-07-09 14:58:35,324 INFO httpx - HTTP Request: POST https://inference-api.nvidia.com/v1/chat/completions "HTTP/1.1 200 OK"
2026-07-09 14:58:37,081 INFO httpx - HTTP Request: POST https://inference-api.nvidia.com/v1/chat/completions "HTTP/1.1 200 OK"
2026-07-09 14:58:38,541 INFO httpx - HTTP Request: POST https://inference-api.nvidia.com/v1/chat/completions "HTTP/1.1 200 OK"
2026-07-09 14:58:40,395 INFO httpx - HTTP Request: POST https://inference-api.nvidia.com/v1/chat/completions "HTTP/1.1 200 OK"
Stage 1A:  62%|██████▎   | 5/8 [02:52<02:08, 42.82s/it]2026-07-09 14:58:43,413 INFO httpx - HTTP Request: POST https://inference-api.nvidia.com/v1/chat/completions "HTTP/1.1 200 OK"
2026-07-09 14:58:45,119 INFO httpx - HTTP Request: POST https://inference-api.nvidia.com/v1/chat/completions "HTTP/1.1 200 OK"
2026-07-09 14:58:46,529 INFO httpx - HTTP Request: POST https://inference-api.nvidia.com/v1/chat/completions "HTTP/1.1 200 OK"
2026-07-09 14:58:47,720 INFO httpx - HTTP Request: POST https://inference-api.nvidia.com/v1/chat/completions "HTTP/1.1 200 OK"
2026-07-09 14:58:49,390 INFO httpx - HTTP Request: POST https://inference-api.nvidia.com/v1/chat/completions "HTTP/1.1 200 OK"
Stage 1A:  75%|███████▌  | 6/8 [03:01<01:02, 31.32s/it]2026-07-09 14:58:55,551 INFO httpx - HTTP Request: POST https://inference-api.nvidia.com/v1/chat/completions "HTTP/1.1 200 OK"
Stage 1A:  88%|████████▊ | 7/8 [03:07<00:23, 23.10s/it]2026-07-09 14:59:08,860 INFO httpx - HTTP Request: POST https://inference-api.nvidia.com/v1/chat/completions "HTTP/1.1 200 OK"
2026-07-09 14:59:10,045 INFO httpx - HTTP Request: POST https://inference-api.nvidia.com/v1/chat/completions "HTTP/1.1 200 OK"
2026-07-09 14:59:11,263 INFO httpx - HTTP Request: POST https://inference-api.nvidia.com/v1/chat/completions "HTTP/1.1 200 OK"
2026-07-09 14:59:12,735 INFO httpx - HTTP Request: POST https://inference-api.nvidia.com/v1/chat/completions "HTTP/1.1 200 OK"
2026-07-09 14:59:13,872 INFO httpx - HTTP Request: POST https://inference-api.nvidia.com/v1/chat/completions "HTTP/1.1 200 OK"
2026-07-09 14:59:14,897 INFO httpx - HTTP Request: POST https://inference-api.nvidia.com/v1/chat/completions "HTTP/1.1 200 OK"
2026-07-09 14:59:15,973 INFO httpx - HTTP Request: POST https://inference-api.nvidia.com/v1/chat/completions "HTTP/1.1 200 OK"
2026-07-09 14:59:17,244 INFO httpx - HTTP Request: POST https://inference-api.nvidia.com/v1/chat/completions "HTTP/1.1 200 OK"
2026-07-09 14:59:21,823 INFO httpx - HTTP Request: POST https://inference-api.nvidia.com/v1/chat/completions "HTTP/1.1 200 OK"
2026-07-09 14:59:23,001 INFO httpx - HTTP Request: POST https://inference-api.nvidia.com/v1/chat/completions "HTTP/1.1 200 OK"
2026-07-09 14:59:25,162 INFO httpx - HTTP Request: POST https://inference-api.nvidia.com/v1/chat/completions "HTTP/1.1 200 OK"
2026-07-09 14:59:26,458 INFO httpx - HTTP Request: POST https://inference-api.nvidia.com/v1/chat/completions "HTTP/1.1 200 OK"
2026-07-09 14:59:30,643 INFO httpx - HTTP Request: POST https://inference-api.nvidia.com/v1/chat/completions "HTTP/1.1 200 OK"
2026-07-09 14:59:31,706 INFO httpx - HTTP Request: POST https://inference-api.nvidia.com/v1/chat/completions "HTTP/1.1 200 OK"
2026-07-09 14:59:32,810 INFO httpx - HTTP Request: POST https://inference-api.nvidia.com/v1/chat/completions "HTTP/1.1 200 OK"
2026-07-09 14:59:34,151 INFO httpx - HTTP Request: POST https://inference-api.nvidia.com/v1/chat/completions "HTTP/1.1 200 OK"
2026-07-09 14:59:35,351 INFO httpx - HTTP Request: POST https://inference-api.nvidia.com/v1/chat/completions "HTTP/1.1 200 OK"
2026-07-09 14:59:36,978 INFO httpx - HTTP Request: POST https://inference-api.nvidia.com/v1/chat/completions "HTTP/1.1 200 OK"
2026-07-09 14:59:38,047 INFO httpx - HTTP Request: POST https://inference-api.nvidia.com/v1/chat/completions "HTTP/1.1 200 OK"
2026-07-09 14:59:39,336 INFO httpx - HTTP Request: POST https://inference-api.nvidia.com/v1/chat/completions "HTTP/1.1 200 OK"
2026-07-09 14:59:40,549 INFO httpx - HTTP Request: POST https://inference-api.nvidia.com/v1/chat/completions "HTTP/1.1 200 OK"
2026-07-09 14:59:41,777 INFO httpx - HTTP Request: POST https://inference-api.nvidia.com/v1/chat/completions "HTTP/1.1 200 OK"
2026-07-09 14:59:44,003 INFO httpx - HTTP Request: POST https://inference-api.nvidia.com/v1/chat/completions "HTTP/1.1 200 OK"
2026-07-09 14:59:46,517 INFO httpx - HTTP Request: POST https://inference-api.nvidia.com/v1/chat/completions "HTTP/1.1 200 OK"
2026-07-09 14:59:47,679 INFO httpx - HTTP Request: POST https://inference-api.nvidia.com/v1/chat/completions "HTTP/1.1 200 OK"
2026-07-09 14:59:49,778 INFO httpx - HTTP Request: POST https://inference-api.nvidia.com/v1/chat/completions "HTTP/1.1 200 OK"
2026-07-09 14:59:51,048 INFO httpx - HTTP Request: POST https://inference-api.nvidia.com/v1/chat/completions "HTTP/1.1 200 OK"
2026-07-09 14:59:52,150 INFO httpx - HTTP Request: POST https://inference-api.nvidia.com/v1/chat/completions "HTTP/1.1 200 OK"
2026-07-09 14:59:56,469 INFO httpx - HTTP Request: POST https://inference-api.nvidia.com/v1/chat/completions "HTTP/1.1 200 OK"
2026-07-09 14:59:57,696 INFO httpx - HTTP Request: POST https://inference-api.nvidia.com/v1/chat/completions "HTTP/1.1 200 OK"
2026-07-09 14:59:58,700 INFO httpx - HTTP Request: POST https://inference-api.nvidia.com/v1/chat/completions "HTTP/1.1 200 OK"
Stage 1A: 100%|██████████| 8/8 [04:10<00:00, 35.85s/it]Stage 1A: 100%|██████████| 8/8 [04:10<00:00, 31.30s/it]
2026-07-09 14:59:58,704 INFO __main__ - Stage 1A: 103 KVPs -> curator_dataset/experiments/20260709-ultra-550b-smoke/runs/le_micro/nemo_usvcs_curated/ultra-550b/stage1a_le.jsonl
2026-07-09 14:59:58,708 INFO __main__ - Stage 1A: written observability files under curator_dataset/experiments/20260709-ultra-550b-smoke/runs/le_micro/nemo_usvcs_curated/ultra-550b/observability
